

                                  B A B B L E !
                                 ÄÄÄÄÄÄÄÄÄÄÄÄÄÄÄ

                                   Version 2.0
                                  ÄÄÄÄÄÄÄÄÄÄÄÄÄ

                            P A C K I N G    L I S T
                           ÄÄÄÄÄÄÄÄÄÄÄÄÄÄÄÄÄÄÄÄÄÄÄÄÄÄ

                  Copyright 1991 by Korenthal Associates, Inc.
                              All Rights Reserved.

                           Last updated: January 1991

     The complete Babble! unregistered shareware package should contain the
     following files.  If any of these files are missing, then the package
     is not complete and is not suitable for distribution to others.  The
     complete package may be obtained directly from Korenthal Associates.

      File Name       Description
     ÄÄÄÄÄÄÄÄÄÄÄ     ÄÄÄÄÄÄÄÄÄÄÄÄÄÄÄÄÄÄÄÄÄÄÄÄÄÄÄÄÄÄÄÄÄÄÄÄÄÄÄÄÄÄÄÄÄÄÄÄÄÄÄ
      README.DOC      Information about unpacking the shareware distribu-
                      tion file and printing the various documentation
                      files; program descriptions for uploading to BBS's;
                      other last-minute notes and instructions.

      PACKING.LST     This text file.

      BABBLE.DOC      The complete Babble! manual.

      BABBLE.EXE      The fully-functional, unregistered shareware version
                      of the Babble! program.

      *.BAB           Starter collection of pre-analyzed text samples:
                      ADVENT.BAB, BEAVER.BAB, DICKJANE.BAB, FIRESIGN.BAB,
                      INSULTS.BAB, JABBER.BAB, MGOOSE.BAB, ROBBINS.BAB,
                      SHAKES.BAB, STARTUP.BAB, and TEEVEE.BAB.

      LICENSE.DOC     License information for individual and company users.

      ORDER.FRM       Extra order form for registering Babble!

      PRODUCTS.DOC    Information about other products from Korenthal
                      Associates, including 4PRINT, TapMark, and TapMail.

      REGISTER.DOC    Information on the benefits of registering Babble!

      SHR-WARE.DOC    Information about shareware and the Association of
                      Shareware Professionals (ASP).

      SITELIC.DOC     Site license information and agreement.

      VENDOR.DOC      Special instructions for shareware distributors, disk
                      vendors, user groups, and BBS SYSOP's.

      WARRANTY.DOC    Warranty disclaimer.

